HAS research/HAS/2026-10-09-evaluation.md
PEP research/PEP/2026-10-09-evaluation.md
BAC research/BAC/2026-10-09-evaluation.md
VICI research/VICI/2026-10-09-evaluation.md
ADP research/ADP/2026-10-09-evaluation.md
AVY research/AVY/2026-10-09-evaluation.md
MA research/MA/2026-10-09-evaluation.md
HON research/HON/2026-10-09-evaluation.md
SYF research/SYF/2026-10-09-evaluation.md
MKC research/MKC/2026-10-09-evaluation.md
FIS research/FIS/2026-10-09-evaluation.md
CB research/CB/2026-10-09-evaluation.md
AIZ research/AIZ/2026-10-09-evaluation.md
SNDK research/SNDK/2026-10-09-evaluation.md
MTB research/MTB/2026-10-09-evaluation.md
DXCM research/DXCM/2026-10-09-evaluation.md
COF FAILED
GL FAILED
PNC FAILED
EG FAILED
