== start Fri Oct  9 22:30:05 BST 2026
{
 "applied": [
  {
   "side": "BUY",
   "ticker": "JKHY",
   "type": "CORE",
   "shares": 46,
   "fill_price": 151.60000610351562,
   "currency": "USD",
   "fill_close_date": "2026-10-09",
   "gross_usd": 6973.6,
   "costs_usd": 6.97,
   "cash_change_usd": -6980.57,
   "reason": "Quality is proven and rising, and the balance sheet is nearly debt-free. The price implies near-zero growth against roughly 7% delivered and guided. The premium to peers and renewal price compression keep conviction at 4, not 5. A 7% position takes Technology to about 21%, within the 30% cap, and cash covers it. [order 2026-10-09-1 filled at the open of 2026-10-09; open 151.6 from yfinance, stockanalysis.com 151.6]"
  },
  {
   "side": "BUY",
   "ticker": "CI",
   "type": "CORE",
   "shares": 25,
   "fill_price": 281.1600036621094,
   "currency": "USD",
   "fill_close_date": "2026-10-09",
   "gross_usd": 7029.0,
   "costs_usd": 7.03,
   "cash_change_usd": -7036.03,
   "reason": "Every cash-flow multiple is below its 5-year floor, and returns, leverage and buybacks are all improving, so the downside is cushioned by cash yield. PBM-reform risk and a 2.3% net margin cap conviction at 4, not 5. A 7% position takes Healthcare to about 14% alongside ZTS, well within the 30% cap, and cash covers it. [order 2026-10-09-2 filled at the open of 2026-10-09; open 281.16 from yfinance, stockanalysis.com 281.16]"
  }
 ],
 "rejected": [],
 "still_pending": [],
 "expired": []
}
{"total": 101451.59, "cash": 44238.93, "core": 57212.66, "tactical": 0, "sectors": {"Healthcare": 14392.130000000001, "Consumer Discretionary": 7211.43, "Technology": 21344.71, "Communication Services": 7273.69, "Industrials": 6990.7}, "n": 8}
{"watching": 69, "hits": [], "close_to_entry": ["PYPL", "MRSH", "FICO", "GL", "NSE:TCS", "BRO", "VRSK", "DPZ", "TROW", "ITW", "AMP"], "entered": ["FICO", "ITW", "MRSH"]}
