== start Thu Oct  8 22:30:05 BST 2026
{
 "applied": [],
 "rejected": [],
 "still_pending": [
  "2026-10-07-1",
  "2026-10-07-2",
  "2026-10-07-3",
  "2026-10-08-1",
  "2026-10-08-2"
 ],
 "expired": []
}
{"total": 100132.95, "cash": 93005.86, "core": 7127.09, "tactical": 0, "sectors": {"Communication Services": 7127.09}, "n": 1}
Created autostash: 0fbdbf2
Applied autostash.
uploaded to GitHub
== end Thu Oct  8 22:30:08 BST 2026
== start Thu Oct  8 22:33:18 BST 2026
{
 "applied": [
  {
   "side": "BUY",
   "ticker": "DECK",
   "type": "CORE",
   "shares": 87,
   "fill_price": 80.14,
   "currency": "USD",
   "fill_close_date": "2026-10-08",
   "gross_usd": 6972.18,
   "costs_usd": 6.97,
   "cash_change_usd": -6979.15,
   "reason": "Valuation sits below every 5-year minimum while returns, gross margin and cash conversion remain near records. Buybacks and the FCF yield support returns even with no re-rating. Two-brand concentration, slight margin slippage and weak momentum into earnings hold conviction at 4, not 5: standard 7% core size. No limits are breached. [order 2026-10-07-1 filled at the open of 2026-10-08]"
  },
  {
   "side": "BUY",
   "ticker": "ZTS",
   "type": "CORE",
   "shares": 98,
   "fill_price": 71.36,
   "currency": "USD",
   "fill_close_date": "2026-10-08",
   "gross_usd": 6993.28,
   "costs_usd": 6.99,
   "cash_change_usd": -7000.27,
   "reason": "Quality metrics remain intact while valuation sits 25-28% below its 5-year minimums and far below peers; the guided earnings cut is modest relative to the de-rating. Competitive share loss caps conviction at 4, not 5: 7% core size. Ample cash, one holding, Healthcare exposure stays well inside the 30% cap. [order 2026-10-07-2 filled at the open of 2026-10-08]"
  },
  {
   "side": "BUY",
   "ticker": "INTU",
   "type": "CORE",
   "shares": 23,
   "fill_price": 296.76,
   "currency": "USD",
   "fill_close_date": "2026-10-08",
   "gross_usd": 6825.48,
   "costs_usd": 6.83,
   "cash_change_usd": -6832.31,
   "reason": "Quality and returns keep rising while every multiple sits below its 5y floor and well below peers. The net-cash balance sheet and buybacks limit the downside. Conviction is 4, not 5: AI-driven pricing pressure in DIY tax and the FY2027 reset make the timing of a re-rating uncertain. Size 7%; Technology exposure and cash allow it. [order 2026-10-07-3 filled at the open of 2026-10-08]"
  },
  {
   "side": "BUY",
   "ticker": "OTIS",
   "type": "CORE",
   "shares": 106,
   "fill_price": 65.62,
   "currency": "USD",
   "fill_close_date": "2026-10-08",
   "gross_usd": 6955.72,
   "costs_usd": 6.96,
   "cash_change_usd": -6962.68,
   "reason": "The valuation gap to its own 5-year floor and to peers far exceeds the guided profit cut, and the recurring service base protects the downside. The service-margin squeeze, rising leverage, the CEO transition and a small macro bear tilt cap conviction at 4: 7% core size. This would be the first Industrials holding, and cash covers it. [order 2026-10-08-1 filled at the open of 2026-10-08]"
  },
  {
   "side": "BUY",
   "ticker": "GDDY",
   "type": "CORE",
   "shares": 72,
   "fill_price": 97.2,
   "currency": "USD",
   "fill_close_date": "2026-10-08",
   "gross_usd": 6998.4,
   "costs_usd": 7.0,
   "cash_change_usd": -7005.4,
   "reason": "Valuation is the cheapest in five years while returns, margins and leverage are all improving; the FCF yield and buybacks give returns without a re-rating. The unproven bookings allegations, rising short interest and Q3 results in three weeks hold conviction at 4, not 5: standard 7% core size. Technology exposure and cash allow it. [order 2026-10-08-2 filled at the open of 2026-10-08]"
  }
 ],
 "rejected": [],
 "still_pending": [],
 "expired": []
}
{"total": 101007.75, "cash": 58226.05, "core": 42781.7, "tactical": 0, "sectors": {"Consumer Discretionary": 7182.72, "Technology": 14418.92, "Communication Services": 7010.56, "Industrials": 7007.66, "Healthcare": 7161.84}, "n": 6}
