== start Wed Oct  7 14:47:29 BST 2026
{
 "applied": [],
 "rejected": [],
 "still_pending": [],
 "expired": []
}
{"total": 100031.41, "cash": 93005.86, "core": 7025.55, "tactical": 0, "sectors": {"Communication Services": 7025.55}, "n": 1}
uploaded to GitHub
== end Wed Oct  7 14:47:35 BST 2026
== start Wed Oct  7 14:48:52 BST 2026
{
 "applied": [],
 "rejected": [],
 "still_pending": [],
 "expired": []
}
{"total": 100031.41, "cash": 93005.86, "core": 7025.55, "tactical": 0, "sectors": {"Communication Services": 7025.55}, "n": 1}
nothing changed
== start Wed Oct  7 22:35:32 BST 2026
{
 "applied": [
  {
   "side": "BUY",
   "ticker": "DECK",
   "type": "CORE",
   "shares": 86,
   "fill_price": 81.15,
   "currency": "USD",
   "fill_close_date": "2026-10-07",
   "gross_usd": 6978.9,
   "costs_usd": 6.98,
   "cash_change_usd": -6985.88,
   "reason": "Valuation sits below every 5-year minimum while returns, gross margin and cash conversion remain near records. Buybacks and the FCF yield support returns even with no re-rating. Two-brand concentration, slight margin slippage and weak momentum into earnings hold conviction at 4, not 5: standard 7% core size. No limits are breached. [order 2026-10-07-1 filled at the open of 2026-10-07]"
  },
  {
   "side": "BUY",
   "ticker": "ZTS",
   "type": "CORE",
   "shares": 97,
   "fill_price": 71.73,
   "currency": "USD",
   "fill_close_date": "2026-10-07",
   "gross_usd": 6957.81,
   "costs_usd": 6.96,
   "cash_change_usd": -6964.77,
   "reason": "Quality metrics remain intact while valuation sits 25-28% below its 5-year minimums and far below peers; the guided earnings cut is modest relative to the de-rating. Competitive share loss caps conviction at 4, not 5: 7% core size. Ample cash, one holding, Healthcare exposure stays well inside the 30% cap. [order 2026-10-07-2 filled at the open of 2026-10-07]"
  },
  {
   "side": "BUY",
   "ticker": "INTU",
   "type": "CORE",
   "shares": 24,
   "fill_price": 290.75,
   "currency": "USD",
   "fill_close_date": "2026-10-07",
   "gross_usd": 6978.0,
   "costs_usd": 6.98,
   "cash_change_usd": -6984.98,
   "reason": "Quality and returns keep rising while every multiple sits below its 5y floor and well below peers. The net-cash balance sheet and buybacks limit the downside. Conviction is 4, not 5: AI-driven pricing pressure in DIY tax and the FY2027 reset make the timing of a re-rating uncertain. Size 7%; Technology exposure and cash allow it. [order 2026-10-07-3 filled at the open of 2026-10-07]"
  }
 ],
 "rejected": [],
 "still_pending": [],
 "expired": []
}
{"total": 99947.8, "cash": 72070.23, "core": 27877.57, "tactical": 0, "sectors": {"Consumer Discretionary": 6839.58, "Communication Services": 7025.55, "Technology": 7094.4, "Healthcare": 6918.04}, "n": 4}
Created autostash: f7ce4d9
Applied autostash.
uploaded to GitHub
== end Wed Oct  7 22:35:36 BST 2026
